[{"type":"sourcecred/weightedGraph","version":"0.1.0"},{"graphJSON":[{"type":"sourcecred/graph","version":"0.8.0"},{"edges":[],"nodes":[],"sortedNodeAddresses":[]}],"weightsJSON":[{"type":"sourcecred/weights","version":"0.2.0"},{"edgeWeightsT":{},"nodeWeightsT":{}}]}]