// Jest Snapshot v1, https://goo.gl/fbAQLP

exports[`analysis/credResult to/fro JSON to/froJSON snapshots as expected 1`] = `
"[
  {
    \\"type\\": \\"sourcecred/credResult\\",
    \\"version\\": \\"0.1.0\\"
  },
  {
    \\"credData\\": {
      \\"edgeOverTime\\": [
      ],
      \\"edgeSummaries\\": [
      ],
      \\"intervals\\": [
        {
          \\"endTimeMs\\": 259200000,
          \\"startTimeMs\\": -345600000
        }
      ],
      \\"nodeOverTime\\": [
        {
          \\"cred\\": [
            0.5
          ],
          \\"dependencyMintedCred\\": [
            0
          ],
          \\"seedFlow\\": [
            0.1
          ],
          \\"syntheticLoopFlow\\": [
            0.4
          ]
        },
        {
          \\"cred\\": [
            0.5
          ],
          \\"dependencyMintedCred\\": [
            0
          ],
          \\"seedFlow\\": [
            0.1
          ],
          \\"syntheticLoopFlow\\": [
            0.4
          ]
        }
      ],
      \\"nodeSummaries\\": [
        {
          \\"cred\\": 0.5,
          \\"dependencyMintedCred\\": 0,
          \\"seedFlow\\": 0.1,
          \\"syntheticLoopFlow\\": 0.4
        },
        {
          \\"cred\\": 0.5,
          \\"dependencyMintedCred\\": 0,
          \\"seedFlow\\": 0.1,
          \\"syntheticLoopFlow\\": 0.4
        }
      ]
    },
    \\"dependencyPolicies\\": [
    ],
    \\"params\\": {
      \\"alpha\\": 0.2,
      \\"intervalDecay\\": 0.5
    },
    \\"plugins\\": [
      {
        \\"type\\": \\"sourcecred/pluginDeclarations\\",
        \\"version\\": \\"0.1.0\\"
      },
      [
        {
          \\"edgePrefix\\": \\"E\\\\u0000\\",
          \\"edgeTypes\\": [
            {
              \\"backwardName\\": \\"is pointed to\\",
              \\"defaultWeight\\": {
                \\"backwards\\": 3,
                \\"forwards\\": 2
              },
              \\"description\\": \\"a type\\",
              \\"forwardName\\": \\"points\\",
              \\"prefix\\": \\"E\\\\u0000edge\\\\u0000\\"
            }
          ],
          \\"name\\": \\"empty\\",
          \\"nodePrefix\\": \\"N\\\\u0000\\",
          \\"nodeTypes\\": [
            {
              \\"defaultWeight\\": 2,
              \\"description\\": \\"a type\\",
              \\"name\\": \\"node\\",
              \\"pluralName\\": \\"nodes\\",
              \\"prefix\\": \\"N\\\\u0000sourcecred\\\\u0000core\\\\u0000IDENTITY\\\\u0000\\"
            }
          ],
          \\"userTypes\\": [
            {
              \\"defaultWeight\\": 2,
              \\"description\\": \\"a type\\",
              \\"name\\": \\"node\\",
              \\"pluralName\\": \\"nodes\\",
              \\"prefix\\": \\"N\\\\u0000sourcecred\\\\u0000core\\\\u0000IDENTITY\\\\u0000\\"
            }
          ]
        }
      ]
    ],
    \\"weightedGraph\\": [
      {
        \\"type\\": \\"sourcecred/weightedGraph\\",
        \\"version\\": \\"0.1.0\\"
      },
      {
        \\"graphJSON\\": [
          {
            \\"type\\": \\"sourcecred/graph\\",
            \\"version\\": \\"0.8.0\\"
          },
          {
            \\"edges\\": [
            ],
            \\"nodes\\": [
              {
                \\"description\\": \\"n1\\",
                \\"index\\": 0,
                \\"timestampMs\\": 100000
              },
              {
                \\"description\\": \\"n2\\",
                \\"index\\": 1,
                \\"timestampMs\\": 110000
              }
            ],
            \\"sortedNodeAddresses\\": [
              [
                \\"sourcecred\\",
                \\"core\\",
                \\"IDENTITY\\",
                \\"1\\"
              ],
              [
                \\"sourcecred\\",
                \\"core\\",
                \\"IDENTITY\\",
                \\"2\\"
              ]
            ]
          }
        ],
        \\"weightsJSON\\": [
          {
            \\"type\\": \\"sourcecred/weights\\",
            \\"version\\": \\"0.2.0\\"
          },
          {
            \\"edgeWeightsT\\": {
            },
            \\"nodeWeightsT\\": {
            }
          }
        ]
      }
    ]
  }
]"
`;
